# GITHUB REPOSITORY IMPORT REPORT

**Date**: 2569-06-30 05:41:30
**Repository**: https://github.com/chakrit/kien-thai
**Output**: D:\01 Main Work\Boots\Agentic AI\mission-control\tools\memory\learnings\github-25690630_054121.jsonl

## Summary

- Files scanned: 69
- Memory entries created: 69
- Success rate: 100%

## Repository Information

- Name: kien-thai
- URL: https://github.com/chakrit/kien-thai
- Clone Path: D:\01 Main Work\Boots\Agentic AI\mission-control\backup\temp-time-load-doc\github-1428326281

## Content Imported

RAM now has access to:
- Documentation files (.md, .txt)
- Source code (.ts, .js, .py, .ps1, .sh)
- Configuration (.json, .yml, .yaml)
- Database schemas (.sql)
- Build files (Dockerfile, Makefile)

## Integration

1. Files are imported to: \	ools/memory/learnings/github-25690630_054121.jsonl\
2. Weekly synthesis (Sunday 2 AM) will:
   - Analyze code patterns
   - Extract key concepts
   - Discover relationships
   - Build knowledge graph

3. RAM will use this knowledge for:
   - Better intent understanding
   - Technical advice
   - Pattern recognition
   - Informed decisions

## Next Steps

1. Run your daily RAM commands
2. RAM learns from execution + this knowledge
3. Sunday synthesis improves RAM's understanding
4. Watch RAM get smarter with each interaction!

## Bridge

GitHub Repository → tools/memory/learnings/ → Weekly Synthesis → RAM Intelligence

The more RAM learns, the smarter it becomes! 🧠📚
