# ORACLE FLEET MEMORY CONSOLIDATION REPORT

**Date**: 2569-06-30 04:22:10
**Status**: ✓ Complete

## Summary

- Total Oracles Processed: 3
- Total Learnings Extracted: 22
- Total Resonances Extracted: 15
- Total Entries: 37

## Oracles Consolidated

### khun-ram-oracle
- Learnings: 4
- Resonances: 5
- Path: D:\01 Main Work\Boots\Agentic AI\mission-control\khun-ram-oracle\ψ\memory

### aeimathes-oracle
- Learnings: 8
- Resonances: 7
- Path: D:\01 Main Work\Boots\Agentic AI\mission-control\aeimathes-oracle\ψ\memory

### zeus-oracle
- Learnings: 10
- Resonances: 3
- Path: D:\01 Main Work\Boots\Agentic AI\mission-control\zeus-oracle\ψ\memory

## Knowledge Consolidated Into JARVIS

JARVIS now has access to:
- ✓ Fleet patterns and learnings
- ✓ Oracle identities and philosophies
- ✓ Cross-oracle insights
- ✓ Historical decision patterns

## Usage

JARVIS will use these consolidated learnings:
1. During intent parsing (contextual understanding)
2. During risk evaluation (historical precedents)
3. During memory synthesis (pattern recognition)
4. In weekly updates (continuous learning)

All memory is preserved in: D:\01 Main Work\Boots\Agentic AI\mission-control\tools\memory/learnings/

